
> chaktech-frontend@0.1.0 build
> next build

   ▲ Next.js 15.5.6
   - Environments: .env.local
   - Experiments (use with caution):
     ✓ optimizeCss

   Creating an optimized production build ...
 ⚠ Compiled with warnings in 17.6s

./src/app/globals.scss.webpack[javascript/auto]!=!./node_modules/.pnpm/next@15.5.6_@babel+core@7.28.5_react-dom@19.2.0_react@19.2.0__react@19.2.0_sass@1.94.2/node_modules/next/dist/build/webpack/loaders/css-loader/src/index.js??ruleSet[1].rules[14].oneOf[11].use[2]!./node_modules/.pnpm/next@15.5.6_@babel+core@7.28.5_react-dom@19.2.0_react@19.2.0__react@19.2.0_sass@1.94.2/node_modules/next/dist/build/webpack/loaders/postcss-loader/src/index.js??ruleSet[1].rules[14].oneOf[11].use[3]!./node_modules/.pnpm/next@15.5.6_@babel+core@7.28.5_react-dom@19.2.0_react@19.2.0__react@19.2.0_sass@1.94.2/node_modules/next/dist/build/webpack/loaders/resolve-url-loader/index.js??ruleSet[1].rules[14].oneOf[11].use[4]!./node_modules/.pnpm/next@15.5.6_@babel+core@7.28.5_react-dom@19.2.0_react@19.2.0__react@19.2.0_sass@1.94.2/node_modules/next/dist/compiled/sass-loader/cjs.js??ruleSet[1].rules[14].oneOf[11].use[5]!./src/app/globals.scss
Deprecation Warning on line 0, column 8 of file:///Users/salmenkhelifi/Documents/chaktech-ecommerce-react-next-js-admin-panel/chaktech-front-end/node_modules/.pnpm/bootstrap@5.3.8_@popperjs+core@2.11.8/node_modules/bootstrap/scss/bootstrap.scss:0:8:
Sass @import rules are deprecated and will be removed in Dart Sass 3.0.0.

More info and automated migrator: https://sass-lang.com/d/import

0 | @import "mixins/banner";

node_modules/.pnpm/bootstrap@5.3.8_@popperjs+core@2.11.8/node_modules/bootstrap/scss/bootstrap.scss 1:9  @use
src/app/globals.scss 3:1                                                                                 root stylesheet

Import trace for requested module:
./src/app/globals.scss.webpack[javascript/auto]!=!./node_modules/.pnpm/next@15.5.6_@babel+core@7.28.5_react-dom@19.2.0_react@19.2.0__react@19.2.0_sass@1.94.2/node_modules/next/dist/build/webpack/loaders/css-loader/src/index.js??ruleSet[1].rules[14].oneOf[11].use[2]!./node_modules/.pnpm/next@15.5.6_@babel+core@7.28.5_react-dom@19.2.0_react@19.2.0__react@19.2.0_sass@1.94.2/node_modules/next/dist/build/webpack/loaders/postcss-loader/src/index.js??ruleSet[1].rules[14].oneOf[11].use[3]!./node_modules/.pnpm/next@15.5.6_@babel+core@7.28.5_react-dom@19.2.0_react@19.2.0__react@19.2.0_sass@1.94.2/node_modules/next/dist/build/webpack/loaders/resolve-url-loader/index.js??ruleSet[1].rules[14].oneOf[11].use[4]!./node_modules/.pnpm/next@15.5.6_@babel+core@7.28.5_react-dom@19.2.0_react@19.2.0__react@19.2.0_sass@1.94.2/node_modules/next/dist/compiled/sass-loader/cjs.js??ruleSet[1].rules[14].oneOf[11].use[5]!./src/app/globals.scss
./src/app/globals.scss

./src/app/globals.scss.webpack[javascript/auto]!=!./node_modules/.pnpm/next@15.5.6_@babel+core@7.28.5_react-dom@19.2.0_react@19.2.0__react@19.2.0_sass@1.94.2/node_modules/next/dist/build/webpack/loaders/css-loader/src/index.js??ruleSet[1].rules[14].oneOf[11].use[2]!./node_modules/.pnpm/next@15.5.6_@babel+core@7.28.5_react-dom@19.2.0_react@19.2.0__react@19.2.0_sass@1.94.2/node_modules/next/dist/build/webpack/loaders/postcss-loader/src/index.js??ruleSet[1].rules[14].oneOf[11].use[3]!./node_modules/.pnpm/next@15.5.6_@babel+core@7.28.5_react-dom@19.2.0_react@19.2.0__react@19.2.0_sass@1.94.2/node_modules/next/dist/build/webpack/loaders/resolve-url-loader/index.js??ruleSet[1].rules[14].oneOf[11].use[4]!./node_modules/.pnpm/next@15.5.6_@babel+core@7.28.5_react-dom@19.2.0_react@19.2.0__react@19.2.0_sass@1.94.2/node_modules/next/dist/compiled/sass-loader/cjs.js??ruleSet[1].rules[14].oneOf[11].use[5]!./src/app/globals.scss
Deprecation Warning on line 6, column 8 of file:///Users/salmenkhelifi/Documents/chaktech-ecommerce-react-next-js-admin-panel/chaktech-front-end/node_modules/.pnpm/bootstrap@5.3.8_@popperjs+core@2.11.8/node_modules/bootstrap/scss/bootstrap.scss:6:8:
Sass @import rules are deprecated and will be removed in Dart Sass 3.0.0.

More info and automated migrator: https://sass-lang.com/d/import

6 | @import "functions";

node_modules/.pnpm/bootstrap@5.3.8_@popperjs+core@2.11.8/node_modules/bootstrap/scss/bootstrap.scss 7:9  @use
src/app/globals.scss 3:1                                                                                 root stylesheet

Import trace for requested module:
./src/app/globals.scss.webpack[javascript/auto]!=!./node_modules/.pnpm/next@15.5.6_@babel+core@7.28.5_react-dom@19.2.0_react@19.2.0__react@19.2.0_sass@1.94.2/node_modules/next/dist/build/webpack/loaders/css-loader/src/index.js??ruleSet[1].rules[14].oneOf[11].use[2]!./node_modules/.pnpm/next@15.5.6_@babel+core@7.28.5_react-dom@19.2.0_react@19.2.0__react@19.2.0_sass@1.94.2/node_modules/next/dist/build/webpack/loaders/postcss-loader/src/index.js??ruleSet[1].rules[14].oneOf[11].use[3]!./node_modules/.pnpm/next@15.5.6_@babel+core@7.28.5_react-dom@19.2.0_react@19.2.0__react@19.2.0_sass@1.94.2/node_modules/next/dist/build/webpack/loaders/resolve-url-loader/index.js??ruleSet[1].rules[14].oneOf[11].use[4]!./node_modules/.pnpm/next@15.5.6_@babel+core@7.28.5_react-dom@19.2.0_react@19.2.0__react@19.2.0_sass@1.94.2/node_modules/next/dist/compiled/sass-loader/cjs.js??ruleSet[1].rules[14].oneOf[11].use[5]!./src/app/globals.scss
./src/app/globals.scss

./src/app/globals.scss.webpack[javascript/auto]!=!./node_modules/.pnpm/next@15.5.6_@babel+core@7.28.5_react-dom@19.2.0_react@19.2.0__react@19.2.0_sass@1.94.2/node_modules/next/dist/build/webpack/loaders/css-loader/src/index.js??ruleSet[1].rules[14].oneOf[11].use[2]!./node_modules/.pnpm/next@15.5.6_@babel+core@7.28.5_react-dom@19.2.0_react@19.2.0__react@19.2.0_sass@1.94.2/node_modules/next/dist/build/webpack/loaders/postcss-loader/src/index.js??ruleSet[1].rules[14].oneOf[11].use[3]!./node_modules/.pnpm/next@15.5.6_@babel+core@7.28.5_react-dom@19.2.0_react@19.2.0__react@19.2.0_sass@1.94.2/node_modules/next/dist/build/webpack/loaders/resolve-url-loader/index.js??ruleSet[1].rules[14].oneOf[11].use[4]!./node_modules/.pnpm/next@15.5.6_@babel+core@7.28.5_react-dom@19.2.0_react@19.2.0__react@19.2.0_sass@1.94.2/node_modules/next/dist/compiled/sass-loader/cjs.js??ruleSet[1].rules[14].oneOf[11].use[5]!./src/app/globals.scss
Deprecation Warning on line 7, column 8 of file:///Users/salmenkhelifi/Documents/chaktech-ecommerce-react-next-js-admin-panel/chaktech-front-end/node_modules/.pnpm/bootstrap@5.3.8_@popperjs+core@2.11.8/node_modules/bootstrap/scss/bootstrap.scss:7:8:
Sass @import rules are deprecated and will be removed in Dart Sass 3.0.0.

More info and automated migrator: https://sass-lang.com/d/import

7 | @import "variables";

node_modules/.pnpm/bootstrap@5.3.8_@popperjs+core@2.11.8/node_modules/bootstrap/scss/bootstrap.scss 8:9  @use
src/app/globals.scss 3:1                                                                                 root stylesheet

Import trace for requested module:
./src/app/globals.scss.webpack[javascript/auto]!=!./node_modules/.pnpm/next@15.5.6_@babel+core@7.28.5_react-dom@19.2.0_react@19.2.0__react@19.2.0_sass@1.94.2/node_modules/next/dist/build/webpack/loaders/css-loader/src/index.js??ruleSet[1].rules[14].oneOf[11].use[2]!./node_modules/.pnpm/next@15.5.6_@babel+core@7.28.5_react-dom@19.2.0_react@19.2.0__react@19.2.0_sass@1.94.2/node_modules/next/dist/build/webpack/loaders/postcss-loader/src/index.js??ruleSet[1].rules[14].oneOf[11].use[3]!./node_modules/.pnpm/next@15.5.6_@babel+core@7.28.5_react-dom@19.2.0_react@19.2.0__react@19.2.0_sass@1.94.2/node_modules/next/dist/build/webpack/loaders/resolve-url-loader/index.js??ruleSet[1].rules[14].oneOf[11].use[4]!./node_modules/.pnpm/next@15.5.6_@babel+core@7.28.5_react-dom@19.2.0_react@19.2.0__react@19.2.0_sass@1.94.2/node_modules/next/dist/compiled/sass-loader/cjs.js??ruleSet[1].rules[14].oneOf[11].use[5]!./src/app/globals.scss
./src/app/globals.scss

./src/app/globals.scss.webpack[javascript/auto]!=!./node_modules/.pnpm/next@15.5.6_@babel+core@7.28.5_react-dom@19.2.0_react@19.2.0__react@19.2.0_sass@1.94.2/node_modules/next/dist/build/webpack/loaders/css-loader/src/index.js??ruleSet[1].rules[14].oneOf[11].use[2]!./node_modules/.pnpm/next@15.5.6_@babel+core@7.28.5_react-dom@19.2.0_react@19.2.0__react@19.2.0_sass@1.94.2/node_modules/next/dist/build/webpack/loaders/postcss-loader/src/index.js??ruleSet[1].rules[14].oneOf[11].use[3]!./node_modules/.pnpm/next@15.5.6_@babel+core@7.28.5_react-dom@19.2.0_react@19.2.0__react@19.2.0_sass@1.94.2/node_modules/next/dist/build/webpack/loaders/resolve-url-loader/index.js??ruleSet[1].rules[14].oneOf[11].use[4]!./node_modules/.pnpm/next@15.5.6_@babel+core@7.28.5_react-dom@19.2.0_react@19.2.0__react@19.2.0_sass@1.94.2/node_modules/next/dist/compiled/sass-loader/cjs.js??ruleSet[1].rules[14].oneOf[11].use[5]!./src/app/globals.scss
Deprecation Warning on line 7, column 8 of file:///Users/salmenkhelifi/Documents/chaktech-ecommerce-react-next-js-admin-panel/chaktech-front-end/src/app/globals.scss:7:8:
Sass @import rules are deprecated and will be removed in Dart Sass 3.0.0.

More info and automated migrator: https://sass-lang.com/d/import

7 | @import "swiper/css/bundle";

src/app/globals.scss 8:9  root stylesheet

Import trace for requested module:
./src/app/globals.scss.webpack[javascript/auto]!=!./node_modules/.pnpm/next@15.5.6_@babel+core@7.28.5_react-dom@19.2.0_react@19.2.0__react@19.2.0_sass@1.94.2/node_modules/next/dist/build/webpack/loaders/css-loader/src/index.js??ruleSet[1].rules[14].oneOf[11].use[2]!./node_modules/.pnpm/next@15.5.6_@babel+core@7.28.5_react-dom@19.2.0_react@19.2.0__react@19.2.0_sass@1.94.2/node_modules/next/dist/build/webpack/loaders/postcss-loader/src/index.js??ruleSet[1].rules[14].oneOf[11].use[3]!./node_modules/.pnpm/next@15.5.6_@babel+core@7.28.5_react-dom@19.2.0_react@19.2.0__react@19.2.0_sass@1.94.2/node_modules/next/dist/build/webpack/loaders/resolve-url-loader/index.js??ruleSet[1].rules[14].oneOf[11].use[4]!./node_modules/.pnpm/next@15.5.6_@babel+core@7.28.5_react-dom@19.2.0_react@19.2.0__react@19.2.0_sass@1.94.2/node_modules/next/dist/compiled/sass-loader/cjs.js??ruleSet[1].rules[14].oneOf[11].use[5]!./src/app/globals.scss
./src/app/globals.scss

./src/app/globals.scss.webpack[javascript/auto]!=!./node_modules/.pnpm/next@15.5.6_@babel+core@7.28.5_react-dom@19.2.0_react@19.2.0__react@19.2.0_sass@1.94.2/node_modules/next/dist/build/webpack/loaders/css-loader/src/index.js??ruleSet[1].rules[14].oneOf[11].use[2]!./node_modules/.pnpm/next@15.5.6_@babel+core@7.28.5_react-dom@19.2.0_react@19.2.0__react@19.2.0_sass@1.94.2/node_modules/next/dist/build/webpack/loaders/postcss-loader/src/index.js??ruleSet[1].rules[14].oneOf[11].use[3]!./node_modules/.pnpm/next@15.5.6_@babel+core@7.28.5_react-dom@19.2.0_react@19.2.0__react@19.2.0_sass@1.94.2/node_modules/next/dist/build/webpack/loaders/resolve-url-loader/index.js??ruleSet[1].rules[14].oneOf[11].use[4]!./node_modules/.pnpm/next@15.5.6_@babel+core@7.28.5_react-dom@19.2.0_react@19.2.0__react@19.2.0_sass@1.94.2/node_modules/next/dist/compiled/sass-loader/cjs.js??ruleSet[1].rules[14].oneOf[11].use[5]!./src/app/globals.scss
Deprecation Warning on line 8, column 8 of file:///Users/salmenkhelifi/Documents/chaktech-ecommerce-react-next-js-admin-panel/chaktech-front-end/node_modules/.pnpm/bootstrap@5.3.8_@popperjs+core@2.11.8/node_modules/bootstrap/scss/bootstrap.scss:8:8:
Sass @import rules are deprecated and will be removed in Dart Sass 3.0.0.

More info and automated migrator: https://sass-lang.com/d/import

8 | @import "variables-dark";

node_modules/.pnpm/bootstrap@5.3.8_@popperjs+core@2.11.8/node_modules/bootstrap/scss/bootstrap.scss 9:9  @use
src/app/globals.scss 3:1                                                                                 root stylesheet

Import trace for requested module:
./src/app/globals.scss.webpack[javascript/auto]!=!./node_modules/.pnpm/next@15.5.6_@babel+core@7.28.5_react-dom@19.2.0_react@19.2.0__react@19.2.0_sass@1.94.2/node_modules/next/dist/build/webpack/loaders/css-loader/src/index.js??ruleSet[1].rules[14].oneOf[11].use[2]!./node_modules/.pnpm/next@15.5.6_@babel+core@7.28.5_react-dom@19.2.0_react@19.2.0__react@19.2.0_sass@1.94.2/node_modules/next/dist/build/webpack/loaders/postcss-loader/src/index.js??ruleSet[1].rules[14].oneOf[11].use[3]!./node_modules/.pnpm/next@15.5.6_@babel+core@7.28.5_react-dom@19.2.0_react@19.2.0__react@19.2.0_sass@1.94.2/node_modules/next/dist/build/webpack/loaders/resolve-url-loader/index.js??ruleSet[1].rules[14].oneOf[11].use[4]!./node_modules/.pnpm/next@15.5.6_@babel+core@7.28.5_react-dom@19.2.0_react@19.2.0__react@19.2.0_sass@1.94.2/node_modules/next/dist/compiled/sass-loader/cjs.js??ruleSet[1].rules[14].oneOf[11].use[5]!./src/app/globals.scss
./src/app/globals.scss

./src/app/globals.scss.webpack[javascript/auto]!=!./node_modules/.pnpm/next@15.5.6_@babel+core@7.28.5_react-dom@19.2.0_react@19.2.0__react@19.2.0_sass@1.94.2/node_modules/next/dist/build/webpack/loaders/css-loader/src/index.js??ruleSet[1].rules[14].oneOf[11].use[2]!./node_modules/.pnpm/next@15.5.6_@babel+core@7.28.5_react-dom@19.2.0_react@19.2.0__react@19.2.0_sass@1.94.2/node_modules/next/dist/build/webpack/loaders/postcss-loader/src/index.js??ruleSet[1].rules[14].oneOf[11].use[3]!./node_modules/.pnpm/next@15.5.6_@babel+core@7.28.5_react-dom@19.2.0_react@19.2.0__react@19.2.0_sass@1.94.2/node_modules/next/dist/build/webpack/loaders/resolve-url-loader/index.js??ruleSet[1].rules[14].oneOf[11].use[4]!./node_modules/.pnpm/next@15.5.6_@babel+core@7.28.5_react-dom@19.2.0_react@19.2.0__react@19.2.0_sass@1.94.2/node_modules/next/dist/compiled/sass-loader/cjs.js??ruleSet[1].rules[14].oneOf[11].use[5]!./src/app/globals.scss
Deprecation Warning on line 10, column 29 of file:///Users/salmenkhelifi/Documents/chaktech-ecommerce-react-next-js-admin-panel/chaktech-front-end/node_modules/.pnpm/bootstrap@5.3.8_@popperjs+core@2.11.8/node_modules/bootstrap/scss/_functions.scss:10:29:
Global built-in functions are deprecated and will be removed in Dart Sass 3.0.0.
Use math.unit instead.

More info and automated migrator: https://sass-lang.com/d/import

10 |     @if $prev-num == null or unit($num) == "%" or unit($prev-num) == "%" {

node_modules/.pnpm/bootstrap@5.3.8_@popperjs+core@2.11.8/node_modules/bootstrap/scss/_functions.scss 11:30  -assert-ascending()
node_modules/.pnpm/bootstrap@5.3.8_@popperjs+core@2.11.8/node_modules/bootstrap/scss/_variables.scss 494:1  @import
node_modules/.pnpm/bootstrap@5.3.8_@popperjs+core@2.11.8/node_modules/bootstrap/scss/bootstrap.scss 8:9     @use
src/app/globals.scss 3:1                                                                                    root stylesheet

Import trace for requested module:
./src/app/globals.scss.webpack[javascript/auto]!=!./node_modules/.pnpm/next@15.5.6_@babel+core@7.28.5_react-dom@19.2.0_react@19.2.0__react@19.2.0_sass@1.94.2/node_modules/next/dist/build/webpack/loaders/css-loader/src/index.js??ruleSet[1].rules[14].oneOf[11].use[2]!./node_modules/.pnpm/next@15.5.6_@babel+core@7.28.5_react-dom@19.2.0_react@19.2.0__react@19.2.0_sass@1.94.2/node_modules/next/dist/build/webpack/loaders/postcss-loader/src/index.js??ruleSet[1].rules[14].oneOf[11].use[3]!./node_modules/.pnpm/next@15.5.6_@babel+core@7.28.5_react-dom@19.2.0_react@19.2.0__react@19.2.0_sass@1.94.2/node_modules/next/dist/build/webpack/loaders/resolve-url-loader/index.js??ruleSet[1].rules[14].oneOf[11].use[4]!./node_modules/.pnpm/next@15.5.6_@babel+core@7.28.5_react-dom@19.2.0_react@19.2.0__react@19.2.0_sass@1.94.2/node_modules/next/dist/compiled/sass-loader/cjs.js??ruleSet[1].rules[14].oneOf[11].use[5]!./src/app/globals.scss
./src/app/globals.scss

./src/app/globals.scss.webpack[javascript/auto]!=!./node_modules/.pnpm/next@15.5.6_@babel+core@7.28.5_react-dom@19.2.0_react@19.2.0__react@19.2.0_sass@1.94.2/node_modules/next/dist/build/webpack/loaders/css-loader/src/index.js??ruleSet[1].rules[14].oneOf[11].use[2]!./node_modules/.pnpm/next@15.5.6_@babel+core@7.28.5_react-dom@19.2.0_react@19.2.0__react@19.2.0_sass@1.94.2/node_modules/next/dist/build/webpack/loaders/postcss-loader/src/index.js??ruleSet[1].rules[14].oneOf[11].use[3]!./node_modules/.pnpm/next@15.5.6_@babel+core@7.28.5_react-dom@19.2.0_react@19.2.0__react@19.2.0_sass@1.94.2/node_modules/next/dist/build/webpack/loaders/resolve-url-loader/index.js??ruleSet[1].rules[14].oneOf[11].use[4]!./node_modules/.pnpm/next@15.5.6_@babel+core@7.28.5_react-dom@19.2.0_react@19.2.0__react@19.2.0_sass@1.94.2/node_modules/next/dist/compiled/sass-loader/cjs.js??ruleSet[1].rules[14].oneOf[11].use[5]!./src/app/globals.scss
Deprecation Warning on line 10, column 50 of file:///Users/salmenkhelifi/Documents/chaktech-ecommerce-react-next-js-admin-panel/chaktech-front-end/node_modules/.pnpm/bootstrap@5.3.8_@popperjs+core@2.11.8/node_modules/bootstrap/scss/_functions.scss:10:50:
Global built-in functions are deprecated and will be removed in Dart Sass 3.0.0.
Use math.unit instead.

More info and automated migrator: https://sass-lang.com/d/import

10 |     @if $prev-num == null or unit($num) == "%" or unit($prev-num) == "%" {

node_modules/.pnpm/bootstrap@5.3.8_@popperjs+core@2.11.8/node_modules/bootstrap/scss/_functions.scss 11:51  -assert-ascending()
node_modules/.pnpm/bootstrap@5.3.8_@popperjs+core@2.11.8/node_modules/bootstrap/scss/_variables.scss 494:1  @import
node_modules/.pnpm/bootstrap@5.3.8_@popperjs+core@2.11.8/node_modules/bootstrap/scss/bootstrap.scss 8:9     @use
src/app/globals.scss 3:1                                                                                    root stylesheet

Import trace for requested module:
./src/app/globals.scss.webpack[javascript/auto]!=!./node_modules/.pnpm/next@15.5.6_@babel+core@7.28.5_react-dom@19.2.0_react@19.2.0__react@19.2.0_sass@1.94.2/node_modules/next/dist/build/webpack/loaders/css-loader/src/index.js??ruleSet[1].rules[14].oneOf[11].use[2]!./node_modules/.pnpm/next@15.5.6_@babel+core@7.28.5_react-dom@19.2.0_react@19.2.0__react@19.2.0_sass@1.94.2/node_modules/next/dist/build/webpack/loaders/postcss-loader/src/index.js??ruleSet[1].rules[14].oneOf[11].use[3]!./node_modules/.pnpm/next@15.5.6_@babel+core@7.28.5_react-dom@19.2.0_react@19.2.0__react@19.2.0_sass@1.94.2/node_modules/next/dist/build/webpack/loaders/resolve-url-loader/index.js??ruleSet[1].rules[14].oneOf[11].use[4]!./node_modules/.pnpm/next@15.5.6_@babel+core@7.28.5_react-dom@19.2.0_react@19.2.0__react@19.2.0_sass@1.94.2/node_modules/next/dist/compiled/sass-loader/cjs.js??ruleSet[1].rules[14].oneOf[11].use[5]!./src/app/globals.scss
./src/app/globals.scss

./src/app/globals.scss.webpack[javascript/auto]!=!./node_modules/.pnpm/next@15.5.6_@babel+core@7.28.5_react-dom@19.2.0_react@19.2.0__react@19.2.0_sass@1.94.2/node_modules/next/dist/build/webpack/loaders/css-loader/src/index.js??ruleSet[1].rules[14].oneOf[11].use[2]!./node_modules/.pnpm/next@15.5.6_@babel+core@7.28.5_react-dom@19.2.0_react@19.2.0__react@19.2.0_sass@1.94.2/node_modules/next/dist/build/webpack/loaders/postcss-loader/src/index.js??ruleSet[1].rules[14].oneOf[11].use[3]!./node_modules/.pnpm/next@15.5.6_@babel+core@7.28.5_react-dom@19.2.0_react@19.2.0__react@19.2.0_sass@1.94.2/node_modules/next/dist/build/webpack/loaders/resolve-url-loader/index.js??ruleSet[1].rules[14].oneOf[11].use[4]!./node_modules/.pnpm/next@15.5.6_@babel+core@7.28.5_react-dom@19.2.0_react@19.2.0__react@19.2.0_sass@1.94.2/node_modules/next/dist/compiled/sass-loader/cjs.js??ruleSet[1].rules[14].oneOf[11].use[5]!./src/app/globals.scss
Deprecation Warning on line 36, column 10 of file:///Users/salmenkhelifi/Documents/chaktech-ecommerce-react-next-js-admin-panel/chaktech-front-end/node_modules/.pnpm/bootstrap@5.3.8_@popperjs+core@2.11.8/node_modules/bootstrap/scss/_functions.scss:36:10:
red() is deprecated. Suggestion:

color.channel($color, "red", $space: rgb)

More info: https://sass-lang.com/d/color-functions

36 |   @return red($value), green($value), blue($value);

node_modules/.pnpm/bootstrap@5.3.8_@popperjs+core@2.11.8/node_modules/bootstrap/scss/_functions.scss 37:11   to-rgb()
node_modules/.pnpm/bootstrap@5.3.8_@popperjs+core@2.11.8/node_modules/bootstrap/scss/_variables.scss 846:31  @import
node_modules/.pnpm/bootstrap@5.3.8_@popperjs+core@2.11.8/node_modules/bootstrap/scss/bootstrap.scss 8:9      @use
src/app/globals.scss 3:1                                                                                     root stylesheet

Import trace for requested module:
./src/app/globals.scss.webpack[javascript/auto]!=!./node_modules/.pnpm/next@15.5.6_@babel+core@7.28.5_react-dom@19.2.0_react@19.2.0__react@19.2.0_sass@1.94.2/node_modules/next/dist/build/webpack/loaders/css-loader/src/index.js??ruleSet[1].rules[14].oneOf[11].use[2]!./node_modules/.pnpm/next@15.5.6_@babel+core@7.28.5_react-dom@19.2.0_react@19.2.0__react@19.2.0_sass@1.94.2/node_modules/next/dist/build/webpack/loaders/postcss-loader/src/index.js??ruleSet[1].rules[14].oneOf[11].use[3]!./node_modules/.pnpm/next@15.5.6_@babel+core@7.28.5_react-dom@19.2.0_react@19.2.0__react@19.2.0_sass@1.94.2/node_modules/next/dist/build/webpack/loaders/resolve-url-loader/index.js??ruleSet[1].rules[14].oneOf[11].use[4]!./node_modules/.pnpm/next@15.5.6_@babel+core@7.28.5_react-dom@19.2.0_react@19.2.0__react@19.2.0_sass@1.94.2/node_modules/next/dist/compiled/sass-loader/cjs.js??ruleSet[1].rules[14].oneOf[11].use[5]!./src/app/globals.scss
./src/app/globals.scss

./src/app/globals.scss.webpack[javascript/auto]!=!./node_modules/.pnpm/next@15.5.6_@babel+core@7.28.5_react-dom@19.2.0_react@19.2.0__react@19.2.0_sass@1.94.2/node_modules/next/dist/build/webpack/loaders/css-loader/src/index.js??ruleSet[1].rules[14].oneOf[11].use[2]!./node_modules/.pnpm/next@15.5.6_@babel+core@7.28.5_react-dom@19.2.0_react@19.2.0__react@19.2.0_sass@1.94.2/node_modules/next/dist/build/webpack/loaders/postcss-loader/src/index.js??ruleSet[1].rules[14].oneOf[11].use[3]!./node_modules/.pnpm/next@15.5.6_@babel+core@7.28.5_react-dom@19.2.0_react@19.2.0__react@19.2.0_sass@1.94.2/node_modules/next/dist/build/webpack/loaders/resolve-url-loader/index.js??ruleSet[1].rules[14].oneOf[11].use[4]!./node_modules/.pnpm/next@15.5.6_@babel+core@7.28.5_react-dom@19.2.0_react@19.2.0__react@19.2.0_sass@1.94.2/node_modules/next/dist/compiled/sass-loader/cjs.js??ruleSet[1].rules[14].oneOf[11].use[5]!./src/app/globals.scss
Deprecation Warning on line 36, column 23 of file:///Users/salmenkhelifi/Documents/chaktech-ecommerce-react-next-js-admin-panel/chaktech-front-end/node_modules/.pnpm/bootstrap@5.3.8_@popperjs+core@2.11.8/node_modules/bootstrap/scss/_functions.scss:36:23:
green() is deprecated. Suggestion:

color.channel($color, "green", $space: rgb)

More info: https://sass-lang.com/d/color-functions

36 |   @return red($value), green($value), blue($value);

node_modules/.pnpm/bootstrap@5.3.8_@popperjs+core@2.11.8/node_modules/bootstrap/scss/_functions.scss 37:24   to-rgb()
node_modules/.pnpm/bootstrap@5.3.8_@popperjs+core@2.11.8/node_modules/bootstrap/scss/_variables.scss 846:31  @import
node_modules/.pnpm/bootstrap@5.3.8_@popperjs+core@2.11.8/node_modules/bootstrap/scss/bootstrap.scss 8:9      @use
src/app/globals.scss 3:1                                                                                     root stylesheet

Import trace for requested module:
./src/app/globals.scss.webpack[javascript/auto]!=!./node_modules/.pnpm/next@15.5.6_@babel+core@7.28.5_react-dom@19.2.0_react@19.2.0__react@19.2.0_sass@1.94.2/node_modules/next/dist/build/webpack/loaders/css-loader/src/index.js??ruleSet[1].rules[14].oneOf[11].use[2]!./node_modules/.pnpm/next@15.5.6_@babel+core@7.28.5_react-dom@19.2.0_react@19.2.0__react@19.2.0_sass@1.94.2/node_modules/next/dist/build/webpack/loaders/postcss-loader/src/index.js??ruleSet[1].rules[14].oneOf[11].use[3]!./node_modules/.pnpm/next@15.5.6_@babel+core@7.28.5_react-dom@19.2.0_react@19.2.0__react@19.2.0_sass@1.94.2/node_modules/next/dist/build/webpack/loaders/resolve-url-loader/index.js??ruleSet[1].rules[14].oneOf[11].use[4]!./node_modules/.pnpm/next@15.5.6_@babel+core@7.28.5_react-dom@19.2.0_react@19.2.0__react@19.2.0_sass@1.94.2/node_modules/next/dist/compiled/sass-loader/cjs.js??ruleSet[1].rules[14].oneOf[11].use[5]!./src/app/globals.scss
./src/app/globals.scss

./src/app/globals.scss.webpack[javascript/auto]!=!./node_modules/.pnpm/next@15.5.6_@babel+core@7.28.5_react-dom@19.2.0_react@19.2.0__react@19.2.0_sass@1.94.2/node_modules/next/dist/build/webpack/loaders/css-loader/src/index.js??ruleSet[1].rules[14].oneOf[11].use[2]!./node_modules/.pnpm/next@15.5.6_@babel+core@7.28.5_react-dom@19.2.0_react@19.2.0__react@19.2.0_sass@1.94.2/node_modules/next/dist/build/webpack/loaders/postcss-loader/src/index.js??ruleSet[1].rules[14].oneOf[11].use[3]!./node_modules/.pnpm/next@15.5.6_@babel+core@7.28.5_react-dom@19.2.0_react@19.2.0__react@19.2.0_sass@1.94.2/node_modules/next/dist/build/webpack/loaders/resolve-url-loader/index.js??ruleSet[1].rules[14].oneOf[11].use[4]!./node_modules/.pnpm/next@15.5.6_@babel+core@7.28.5_react-dom@19.2.0_react@19.2.0__react@19.2.0_sass@1.94.2/node_modules/next/dist/compiled/sass-loader/cjs.js??ruleSet[1].rules[14].oneOf[11].use[5]!./src/app/globals.scss
Deprecation Warning on line 184, column 9 of file:///Users/salmenkhelifi/Documents/chaktech-ecommerce-react-next-js-admin-panel/chaktech-front-end/node_modules/.pnpm/bootstrap@5.3.8_@popperjs+core@2.11.8/node_modules/bootstrap/scss/_functions.scss:184:9:
red() is deprecated. Suggestion:

color.channel($color, "red", $space: rgb)

More info: https://sass-lang.com/d/color-functions

184 |     "r": red($color),

node_modules/.pnpm/bootstrap@5.3.8_@popperjs+core@2.11.8/node_modules/bootstrap/scss/_functions.scss 185:10  luminance()
node_modules/.pnpm/bootstrap@5.3.8_@popperjs+core@2.11.8/node_modules/bootstrap/scss/_functions.scss 174:8   contrast-ratio()
node_modules/.pnpm/bootstrap@5.3.8_@popperjs+core@2.11.8/node_modules/bootstrap/scss/_functions.scss 159:22  color-contrast()
node_modules/.pnpm/bootstrap@5.3.8_@popperjs+core@2.11.8/node_modules/bootstrap/scss/_variables.scss 846:42  @import
node_modules/.pnpm/bootstrap@5.3.8_@popperjs+core@2.11.8/node_modules/bootstrap/scss/bootstrap.scss 8:9      @use
src/app/globals.scss 3:1                                                                                     root stylesheet

Import trace for requested module:
./src/app/globals.scss.webpack[javascript/auto]!=!./node_modules/.pnpm/next@15.5.6_@babel+core@7.28.5_react-dom@19.2.0_react@19.2.0__react@19.2.0_sass@1.94.2/node_modules/next/dist/build/webpack/loaders/css-loader/src/index.js??ruleSet[1].rules[14].oneOf[11].use[2]!./node_modules/.pnpm/next@15.5.6_@babel+core@7.28.5_react-dom@19.2.0_react@19.2.0__react@19.2.0_sass@1.94.2/node_modules/next/dist/build/webpack/loaders/postcss-loader/src/index.js??ruleSet[1].rules[14].oneOf[11].use[3]!./node_modules/.pnpm/next@15.5.6_@babel+core@7.28.5_react-dom@19.2.0_react@19.2.0__react@19.2.0_sass@1.94.2/node_modules/next/dist/build/webpack/loaders/resolve-url-loader/index.js??ruleSet[1].rules[14].oneOf[11].use[4]!./node_modules/.pnpm/next@15.5.6_@babel+core@7.28.5_react-dom@19.2.0_react@19.2.0__react@19.2.0_sass@1.94.2/node_modules/next/dist/compiled/sass-loader/cjs.js??ruleSet[1].rules[14].oneOf[11].use[5]!./src/app/globals.scss
./src/app/globals.scss

./src/app/globals.scss.webpack[javascript/auto]!=!./node_modules/.pnpm/next@15.5.6_@babel+core@7.28.5_react-dom@19.2.0_react@19.2.0__react@19.2.0_sass@1.94.2/node_modules/next/dist/build/webpack/loaders/css-loader/src/index.js??ruleSet[1].rules[14].oneOf[11].use[2]!./node_modules/.pnpm/next@15.5.6_@babel+core@7.28.5_react-dom@19.2.0_react@19.2.0__react@19.2.0_sass@1.94.2/node_modules/next/dist/build/webpack/loaders/postcss-loader/src/index.js??ruleSet[1].rules[14].oneOf[11].use[3]!./node_modules/.pnpm/next@15.5.6_@babel+core@7.28.5_react-dom@19.2.0_react@19.2.0__react@19.2.0_sass@1.94.2/node_modules/next/dist/build/webpack/loaders/resolve-url-loader/index.js??ruleSet[1].rules[14].oneOf[11].use[4]!./node_modules/.pnpm/next@15.5.6_@babel+core@7.28.5_react-dom@19.2.0_react@19.2.0__react@19.2.0_sass@1.94.2/node_modules/next/dist/compiled/sass-loader/cjs.js??ruleSet[1].rules[14].oneOf[11].use[5]!./src/app/globals.scss
Deprecation Warning on line 185, column 9 of file:///Users/salmenkhelifi/Documents/chaktech-ecommerce-react-next-js-admin-panel/chaktech-front-end/node_modules/.pnpm/bootstrap@5.3.8_@popperjs+core@2.11.8/node_modules/bootstrap/scss/_functions.scss:185:9:
green() is deprecated. Suggestion:

color.channel($color, "green", $space: rgb)

More info: https://sass-lang.com/d/color-functions

185 |     "g": green($color),

node_modules/.pnpm/bootstrap@5.3.8_@popperjs+core@2.11.8/node_modules/bootstrap/scss/_functions.scss 186:10  luminance()
node_modules/.pnpm/bootstrap@5.3.8_@popperjs+core@2.11.8/node_modules/bootstrap/scss/_functions.scss 174:8   contrast-ratio()
node_modules/.pnpm/bootstrap@5.3.8_@popperjs+core@2.11.8/node_modules/bootstrap/scss/_functions.scss 159:22  color-contrast()
node_modules/.pnpm/bootstrap@5.3.8_@popperjs+core@2.11.8/node_modules/bootstrap/scss/_variables.scss 846:42  @import
node_modules/.pnpm/bootstrap@5.3.8_@popperjs+core@2.11.8/node_modules/bootstrap/scss/bootstrap.scss 8:9      @use
src/app/globals.scss 3:1                                                                                     root stylesheet

Import trace for requested module:
./src/app/globals.scss.webpack[javascript/auto]!=!./node_modules/.pnpm/next@15.5.6_@babel+core@7.28.5_react-dom@19.2.0_react@19.2.0__react@19.2.0_sass@1.94.2/node_modules/next/dist/build/webpack/loaders/css-loader/src/index.js??ruleSet[1].rules[14].oneOf[11].use[2]!./node_modules/.pnpm/next@15.5.6_@babel+core@7.28.5_react-dom@19.2.0_react@19.2.0__react@19.2.0_sass@1.94.2/node_modules/next/dist/build/webpack/loaders/postcss-loader/src/index.js??ruleSet[1].rules[14].oneOf[11].use[3]!./node_modules/.pnpm/next@15.5.6_@babel+core@7.28.5_react-dom@19.2.0_react@19.2.0__react@19.2.0_sass@1.94.2/node_modules/next/dist/build/webpack/loaders/resolve-url-loader/index.js??ruleSet[1].rules[14].oneOf[11].use[4]!./node_modules/.pnpm/next@15.5.6_@babel+core@7.28.5_react-dom@19.2.0_react@19.2.0__react@19.2.0_sass@1.94.2/node_modules/next/dist/compiled/sass-loader/cjs.js??ruleSet[1].rules[14].oneOf[11].use[5]!./src/app/globals.scss
./src/app/globals.scss

./src/app/globals.scss.webpack[javascript/auto]!=!./node_modules/.pnpm/next@15.5.6_@babel+core@7.28.5_react-dom@19.2.0_react@19.2.0__react@19.2.0_sass@1.94.2/node_modules/next/dist/build/webpack/loaders/css-loader/src/index.js??ruleSet[1].rules[14].oneOf[11].use[2]!./node_modules/.pnpm/next@15.5.6_@babel+core@7.28.5_react-dom@19.2.0_react@19.2.0__react@19.2.0_sass@1.94.2/node_modules/next/dist/build/webpack/loaders/postcss-loader/src/index.js??ruleSet[1].rules[14].oneOf[11].use[3]!./node_modules/.pnpm/next@15.5.6_@babel+core@7.28.5_react-dom@19.2.0_react@19.2.0__react@19.2.0_sass@1.94.2/node_modules/next/dist/build/webpack/loaders/resolve-url-loader/index.js??ruleSet[1].rules[14].oneOf[11].use[4]!./node_modules/.pnpm/next@15.5.6_@babel+core@7.28.5_react-dom@19.2.0_react@19.2.0__react@19.2.0_sass@1.94.2/node_modules/next/dist/compiled/sass-loader/cjs.js??ruleSet[1].rules[14].oneOf[11].use[5]!./src/app/globals.scss
Deprecation Warning on line 186, column 9 of file:///Users/salmenkhelifi/Documents/chaktech-ecommerce-react-next-js-admin-panel/chaktech-front-end/node_modules/.pnpm/bootstrap@5.3.8_@popperjs+core@2.11.8/node_modules/bootstrap/scss/_functions.scss:186:9:
blue() is deprecated. Suggestion:

color.channel($color, "blue", $space: rgb)

More info: https://sass-lang.com/d/color-functions

186 |     "b": blue($color)

node_modules/.pnpm/bootstrap@5.3.8_@popperjs+core@2.11.8/node_modules/bootstrap/scss/_functions.scss 187:10  luminance()
node_modules/.pnpm/bootstrap@5.3.8_@popperjs+core@2.11.8/node_modules/bootstrap/scss/_functions.scss 174:8   contrast-ratio()
node_modules/.pnpm/bootstrap@5.3.8_@popperjs+core@2.11.8/node_modules/bootstrap/scss/_functions.scss 159:22  color-contrast()
node_modules/.pnpm/bootstrap@5.3.8_@popperjs+core@2.11.8/node_modules/bootstrap/scss/_variables.scss 846:42  @import
node_modules/.pnpm/bootstrap@5.3.8_@popperjs+core@2.11.8/node_modules/bootstrap/scss/bootstrap.scss 8:9      @use
src/app/globals.scss 3:1                                                                                     root stylesheet

Import trace for requested module:
./src/app/globals.scss.webpack[javascript/auto]!=!./node_modules/.pnpm/next@15.5.6_@babel+core@7.28.5_react-dom@19.2.0_react@19.2.0__react@19.2.0_sass@1.94.2/node_modules/next/dist/build/webpack/loaders/css-loader/src/index.js??ruleSet[1].rules[14].oneOf[11].use[2]!./node_modules/.pnpm/next@15.5.6_@babel+core@7.28.5_react-dom@19.2.0_react@19.2.0__react@19.2.0_sass@1.94.2/node_modules/next/dist/build/webpack/loaders/postcss-loader/src/index.js??ruleSet[1].rules[14].oneOf[11].use[3]!./node_modules/.pnpm/next@15.5.6_@babel+core@7.28.5_react-dom@19.2.0_react@19.2.0__react@19.2.0_sass@1.94.2/node_modules/next/dist/build/webpack/loaders/resolve-url-loader/index.js??ruleSet[1].rules[14].oneOf[11].use[4]!./node_modules/.pnpm/next@15.5.6_@babel+core@7.28.5_react-dom@19.2.0_react@19.2.0__react@19.2.0_sass@1.94.2/node_modules/next/dist/compiled/sass-loader/cjs.js??ruleSet[1].rules[14].oneOf[11].use[5]!./src/app/globals.scss
./src/app/globals.scss

./src/app/globals.scss.webpack[javascript/auto]!=!./node_modules/.pnpm/next@15.5.6_@babel+core@7.28.5_react-dom@19.2.0_react@19.2.0__react@19.2.0_sass@1.94.2/node_modules/next/dist/build/webpack/loaders/css-loader/src/index.js??ruleSet[1].rules[14].oneOf[11].use[2]!./node_modules/.pnpm/next@15.5.6_@babel+core@7.28.5_react-dom@19.2.0_react@19.2.0__react@19.2.0_sass@1.94.2/node_modules/next/dist/build/webpack/loaders/postcss-loader/src/index.js??ruleSet[1].rules[14].oneOf[11].use[3]!./node_modules/.pnpm/next@15.5.6_@babel+core@7.28.5_react-dom@19.2.0_react@19.2.0__react@19.2.0_sass@1.94.2/node_modules/next/dist/build/webpack/loaders/resolve-url-loader/index.js??ruleSet[1].rules[14].oneOf[11].use[4]!./node_modules/.pnpm/next@15.5.6_@babel+core@7.28.5_react-dom@19.2.0_react@19.2.0__react@19.2.0_sass@1.94.2/node_modules/next/dist/compiled/sass-loader/cjs.js??ruleSet[1].rules[14].oneOf[11].use[5]!./src/app/globals.scss
Deprecation Warning on line 206, column 10 of file:///Users/salmenkhelifi/Documents/chaktech-ecommerce-react-next-js-admin-panel/chaktech-front-end/node_modules/.pnpm/bootstrap@5.3.8_@popperjs+core@2.11.8/node_modules/bootstrap/scss/_functions.scss:206:10:
Global built-in functions are deprecated and will be removed in Dart Sass 3.0.0.
Use color.mix instead.

More info and automated migrator: https://sass-lang.com/d/import

206 |   @return mix(white, $color, $weight);

node_modules/.pnpm/bootstrap@5.3.8_@popperjs+core@2.11.8/node_modules/bootstrap/scss/_functions.scss 207:11  tint-color()
node_modules/.pnpm/bootstrap@5.3.8_@popperjs+core@2.11.8/node_modules/bootstrap/scss/_variables.scss 79:12   @import
node_modules/.pnpm/bootstrap@5.3.8_@popperjs+core@2.11.8/node_modules/bootstrap/scss/bootstrap.scss 8:9      @use
src/app/globals.scss 3:1                                                                                     root stylesheet

Import trace for requested module:
./src/app/globals.scss.webpack[javascript/auto]!=!./node_modules/.pnpm/next@15.5.6_@babel+core@7.28.5_react-dom@19.2.0_react@19.2.0__react@19.2.0_sass@1.94.2/node_modules/next/dist/build/webpack/loaders/css-loader/src/index.js??ruleSet[1].rules[14].oneOf[11].use[2]!./node_modules/.pnpm/next@15.5.6_@babel+core@7.28.5_react-dom@19.2.0_react@19.2.0__react@19.2.0_sass@1.94.2/node_modules/next/dist/build/webpack/loaders/postcss-loader/src/index.js??ruleSet[1].rules[14].oneOf[11].use[3]!./node_modules/.pnpm/next@15.5.6_@babel+core@7.28.5_react-dom@19.2.0_react@19.2.0__react@19.2.0_sass@1.94.2/node_modules/next/dist/build/webpack/loaders/resolve-url-loader/index.js??ruleSet[1].rules[14].oneOf[11].use[4]!./node_modules/.pnpm/next@15.5.6_@babel+core@7.28.5_react-dom@19.2.0_react@19.2.0__react@19.2.0_sass@1.94.2/node_modules/next/dist/compiled/sass-loader/cjs.js??ruleSet[1].rules[14].oneOf[11].use[5]!./src/app/globals.scss
./src/app/globals.scss

./src/app/globals.scss.webpack[javascript/auto]!=!./node_modules/.pnpm/next@15.5.6_@babel+core@7.28.5_react-dom@19.2.0_react@19.2.0__react@19.2.0_sass@1.94.2/node_modules/next/dist/build/webpack/loaders/css-loader/src/index.js??ruleSet[1].rules[14].oneOf[11].use[2]!./node_modules/.pnpm/next@15.5.6_@babel+core@7.28.5_react-dom@19.2.0_react@19.2.0__react@19.2.0_sass@1.94.2/node_modules/next/dist/build/webpack/loaders/postcss-loader/src/index.js??ruleSet[1].rules[14].oneOf[11].use[3]!./node_modules/.pnpm/next@15.5.6_@babel+core@7.28.5_react-dom@19.2.0_react@19.2.0__react@19.2.0_sass@1.94.2/node_modules/next/dist/build/webpack/loaders/resolve-url-loader/index.js??ruleSet[1].rules[14].oneOf[11].use[4]!./node_modules/.pnpm/next@15.5.6_@babel+core@7.28.5_react-dom@19.2.0_react@19.2.0__react@19.2.0_sass@1.94.2/node_modules/next/dist/compiled/sass-loader/cjs.js??ruleSet[1].rules[14].oneOf[11].use[5]!./src/app/globals.scss
Deprecation Warning on line 211, column 10 of file:///Users/salmenkhelifi/Documents/chaktech-ecommerce-react-next-js-admin-panel/chaktech-front-end/node_modules/.pnpm/bootstrap@5.3.8_@popperjs+core@2.11.8/node_modules/bootstrap/scss/_functions.scss:211:10:
Global built-in functions are deprecated and will be removed in Dart Sass 3.0.0.
Use color.mix instead.

More info and automated migrator: https://sass-lang.com/d/import

211 |   @return mix(black, $color, $weight);

node_modules/.pnpm/bootstrap@5.3.8_@popperjs+core@2.11.8/node_modules/bootstrap/scss/_functions.scss 212:11  shade-color()
node_modules/.pnpm/bootstrap@5.3.8_@popperjs+core@2.11.8/node_modules/bootstrap/scss/_variables.scss 84:12   @import
node_modules/.pnpm/bootstrap@5.3.8_@popperjs+core@2.11.8/node_modules/bootstrap/scss/bootstrap.scss 8:9      @use
src/app/globals.scss 3:1                                                                                     root stylesheet

Import trace for requested module:
./src/app/globals.scss.webpack[javascript/auto]!=!./node_modules/.pnpm/next@15.5.6_@babel+core@7.28.5_react-dom@19.2.0_react@19.2.0__react@19.2.0_sass@1.94.2/node_modules/next/dist/build/webpack/loaders/css-loader/src/index.js??ruleSet[1].rules[14].oneOf[11].use[2]!./node_modules/.pnpm/next@15.5.6_@babel+core@7.28.5_react-dom@19.2.0_react@19.2.0__react@19.2.0_sass@1.94.2/node_modules/next/dist/build/webpack/loaders/postcss-loader/src/index.js??ruleSet[1].rules[14].oneOf[11].use[3]!./node_modules/.pnpm/next@15.5.6_@babel+core@7.28.5_react-dom@19.2.0_react@19.2.0__react@19.2.0_sass@1.94.2/node_modules/next/dist/build/webpack/loaders/resolve-url-loader/index.js??ruleSet[1].rules[14].oneOf[11].use[4]!./node_modules/.pnpm/next@15.5.6_@babel+core@7.28.5_react-dom@19.2.0_react@19.2.0__react@19.2.0_sass@1.94.2/node_modules/next/dist/compiled/sass-loader/cjs.js??ruleSet[1].rules[14].oneOf[11].use[5]!./src/app/globals.scss
./src/app/globals.scss

./src/app/globals.scss.webpack[javascript/auto]!=!./node_modules/.pnpm/next@15.5.6_@babel+core@7.28.5_react-dom@19.2.0_react@19.2.0__react@19.2.0_sass@1.94.2/node_modules/next/dist/build/webpack/loaders/css-loader/src/index.js??ruleSet[1].rules[14].oneOf[11].use[2]!./node_modules/.pnpm/next@15.5.6_@babel+core@7.28.5_react-dom@19.2.0_react@19.2.0__react@19.2.0_sass@1.94.2/node_modules/next/dist/build/webpack/loaders/postcss-loader/src/index.js??ruleSet[1].rules[14].oneOf[11].use[3]!./node_modules/.pnpm/next@15.5.6_@babel+core@7.28.5_react-dom@19.2.0_react@19.2.0__react@19.2.0_sass@1.94.2/node_modules/next/dist/build/webpack/loaders/resolve-url-loader/index.js??ruleSet[1].rules[14].oneOf[11].use[4]!./node_modules/.pnpm/next@15.5.6_@babel+core@7.28.5_react-dom@19.2.0_react@19.2.0__react@19.2.0_sass@1.94.2/node_modules/next/dist/compiled/sass-loader/cjs.js??ruleSet[1].rules[14].oneOf[11].use[5]!./src/app/globals.scss
Deprecation Warning on line 341, column 26 of file:///Users/salmenkhelifi/Documents/chaktech-ecommerce-react-next-js-admin-panel/chaktech-front-end/node_modules/.pnpm/bootstrap@5.3.8_@popperjs+core@2.11.8/node_modules/bootstrap/scss/_variables.scss:341:26:
Global built-in functions are deprecated and will be removed in Dart Sass 3.0.0.
Use color.mix instead.

More info and automated migrator: https://sass-lang.com/d/import

341 | $light-bg-subtle:         mix($gray-100, $white) !default;

node_modules/.pnpm/bootstrap@5.3.8_@popperjs+core@2.11.8/node_modules/bootstrap/scss/_variables.scss 342:27  @import
node_modules/.pnpm/bootstrap@5.3.8_@popperjs+core@2.11.8/node_modules/bootstrap/scss/bootstrap.scss 8:9      @use
src/app/globals.scss 3:1                                                                                     root stylesheet

Import trace for requested module:
./src/app/globals.scss.webpack[javascript/auto]!=!./node_modules/.pnpm/next@15.5.6_@babel+core@7.28.5_react-dom@19.2.0_react@19.2.0__react@19.2.0_sass@1.94.2/node_modules/next/dist/build/webpack/loaders/css-loader/src/index.js??ruleSet[1].rules[14].oneOf[11].use[2]!./node_modules/.pnpm/next@15.5.6_@babel+core@7.28.5_react-dom@19.2.0_react@19.2.0__react@19.2.0_sass@1.94.2/node_modules/next/dist/build/webpack/loaders/postcss-loader/src/index.js??ruleSet[1].rules[14].oneOf[11].use[3]!./node_modules/.pnpm/next@15.5.6_@babel+core@7.28.5_react-dom@19.2.0_react@19.2.0__react@19.2.0_sass@1.94.2/node_modules/next/dist/build/webpack/loaders/resolve-url-loader/index.js??ruleSet[1].rules[14].oneOf[11].use[4]!./node_modules/.pnpm/next@15.5.6_@babel+core@7.28.5_react-dom@19.2.0_react@19.2.0__react@19.2.0_sass@1.94.2/node_modules/next/dist/compiled/sass-loader/cjs.js??ruleSet[1].rules[14].oneOf[11].use[5]!./src/app/globals.scss
./src/app/globals.scss

./src/app/globals.scss.webpack[javascript/auto]!=!./node_modules/.pnpm/next@15.5.6_@babel+core@7.28.5_react-dom@19.2.0_react@19.2.0__react@19.2.0_sass@1.94.2/node_modules/next/dist/build/webpack/loaders/css-loader/src/index.js??ruleSet[1].rules[14].oneOf[11].use[2]!./node_modules/.pnpm/next@15.5.6_@babel+core@7.28.5_react-dom@19.2.0_react@19.2.0__react@19.2.0_sass@1.94.2/node_modules/next/dist/build/webpack/loaders/postcss-loader/src/index.js??ruleSet[1].rules[14].oneOf[11].use[3]!./node_modules/.pnpm/next@15.5.6_@babel+core@7.28.5_react-dom@19.2.0_react@19.2.0__react@19.2.0_sass@1.94.2/node_modules/next/dist/build/webpack/loaders/resolve-url-loader/index.js??ruleSet[1].rules[14].oneOf[11].use[4]!./node_modules/.pnpm/next@15.5.6_@babel+core@7.28.5_react-dom@19.2.0_react@19.2.0__react@19.2.0_sass@1.94.2/node_modules/next/dist/compiled/sass-loader/cjs.js??ruleSet[1].rules[14].oneOf[11].use[5]!./src/app/globals.scss
233 repetitive deprecation warnings omitted.

Import trace for requested module:
./src/app/globals.scss.webpack[javascript/auto]!=!./node_modules/.pnpm/next@15.5.6_@babel+core@7.28.5_react-dom@19.2.0_react@19.2.0__react@19.2.0_sass@1.94.2/node_modules/next/dist/build/webpack/loaders/css-loader/src/index.js??ruleSet[1].rules[14].oneOf[11].use[2]!./node_modules/.pnpm/next@15.5.6_@babel+core@7.28.5_react-dom@19.2.0_react@19.2.0__react@19.2.0_sass@1.94.2/node_modules/next/dist/build/webpack/loaders/postcss-loader/src/index.js??ruleSet[1].rules[14].oneOf[11].use[3]!./node_modules/.pnpm/next@15.5.6_@babel+core@7.28.5_react-dom@19.2.0_react@19.2.0__react@19.2.0_sass@1.94.2/node_modules/next/dist/build/webpack/loaders/resolve-url-loader/index.js??ruleSet[1].rules[14].oneOf[11].use[4]!./node_modules/.pnpm/next@15.5.6_@babel+core@7.28.5_react-dom@19.2.0_react@19.2.0__react@19.2.0_sass@1.94.2/node_modules/next/dist/compiled/sass-loader/cjs.js??ruleSet[1].rules[14].oneOf[11].use[5]!./src/app/globals.scss
./src/app/globals.scss

   Linting and checking validity of types ...
Failed to compile.

./src/components/tracking/FacebookPixel.tsx:31:7
Type error: Type '() => void' is not assignable to type 'string'.

[0m [90m 29 |[39m     ([36mfunction[39m (f[33m:[39m any[33m,[39m b[33m:[39m any[33m,[39m e[33m:[39m string[33m,[39m v[33m:[39m string[33m,[39m n[33m?[39m[33m:[39m string[33m,[39m t[33m?[39m[33m:[39m any[33m,[39m s[33m?[39m[33m:[39m any) {
 [90m 30 |[39m       [36mif[39m (f[33m.[39mfbq) [36mreturn[39m[33m;[39m
[31m[1m>[22m[39m[90m 31 |[39m       n [33m=[39m f[33m.[39mfbq [33m=[39m [36mfunction[39m () {
 [90m    |[39m       [31m[1m^[22m[39m
 [90m 32 |[39m         n[33m.[39mcallMethod [33m?[39m n[33m.[39mcallMethod[33m.[39mapply(n[33m,[39m arguments) [33m:[39m n[33m.[39mqueue[33m.[39mpush(arguments)[33m;[39m
 [90m 33 |[39m       }[33m;[39m
 [90m 34 |[39m       [36mif[39m ([33m![39mf[33m.[39m_fbq) f[33m.[39m_fbq [33m=[39m n[33m;[39m[0m
Next.js build worker exited with code: 1 and signal: null
